 
****************************************
Report : qor
Design : cordic
Version: W-2024.09
Date   : Tue Apr  7 00:06:24 2026
****************************************


  Timing Path Group 'Clock'
  -----------------------------------
  Levels of Logic:               4.00
  Critical Path Length:          2.45
  Critical Path Slack:           6.72
  Critical Path Clk Period:     10.00
  Total Negative Slack:          0.00
  No. of Violating Paths:        0.00
  Worst Hold Violation:          0.00
  Total Hold Violation:          0.00
  No. of Hold Violations:        0.00
  -----------------------------------


  Cell Count
  -----------------------------------
  Hierarchical Cell Count:          0
  Hierarchical Port Count:          0
  Leaf Cell Count:                 57
  Buf/Inv Cell Count:               5
  Buf Cell Count:                   1
  Inv Cell Count:                   4
  CT Buf/Inv Cell Count:            0
  Combinational Cell Count:        23
  Sequential Cell Count:           34
  Macro Count:                      0
  -----------------------------------


  Area
  -----------------------------------
  Combinational Area:       93.524991
  Noncombinational Area:   225.171591
  Buf/Inv Area:              7.878464
  Total Buffer Area:             2.03
  Total Inverter Area:           5.85
  Macro/Black Box Area:      0.000000
  Net Area:                 50.316178
  -----------------------------------
  Cell Area:               318.696583
  Design Area:             369.012760


  Design Rules
  -----------------------------------
  Total Number of Nets:            77
  Nets With Violations:             0
  Max Trans Violations:             0
  Max Cap Violations:               0
  -----------------------------------


  Hostname: ict-chipin.sot.pdpu.ac.in

  Compile CPU Statistics
  -----------------------------------------
  Resource Sharing:                    0.01
  Logic Optimization:                  0.02
  Mapping Optimization:                0.14
  -----------------------------------------
  Overall Compile Time:                2.57
  Overall Compile Wall Clock Time:     2.97

  --------------------------------------------------------------------

  Design  WNS: 0.00  TNS: 0.00  Number of Violating Paths: 0


  Design (Hold)  WNS: 0.00  TNS: 0.00  Number of Violating Paths: 0

  --------------------------------------------------------------------


1
